../Core/Src/main.c:55:6:map	24	static
../Core/Src/main.c:74:6:servoReady	4	static
../Core/Src/main.c:80:6:servoBoom	4	static
../Core/Src/main.c:93:6:Explosion	8	static
../Core/Src/main.c:103:6:Is	8	static
../Core/Src/main.c:117:6:Art	8	static
../Core/Src/main.c:145:6:start	8	static
../Core/Src/main.c:169:6:Burzzer	8	static
../Core/Src/main.c:181:6:Burzzer1	8	static
../Core/Src/main.c:193:6:Burzzer2	8	static
../Core/Src/main.c:219:1:__io_putchar	16	static
../Core/Src/main.c:236:5:main	16	static
../Core/Src/main.c:316:6:SystemClock_Config	88	static
../Core/Src/main.c:362:13:MX_ADC1_Init	24	static
../Core/Src/main.c:427:13:MX_I2C1_Init	8	static
../Core/Src/main.c:461:13:MX_TIM2_Init	64	static
../Core/Src/main.c:519:13:MX_TIM3_Init	64	static
../Core/Src/main.c:582:13:MX_USART2_UART_Init	8	static
../Core/Src/main.c:613:13:MX_DMA_Init	16	static
../Core/Src/main.c:631:13:MX_GPIO_Init	40	static
../Core/Src/main.c:692:6:HAL_GPIO_EXTI_Callback	16	static
../Core/Src/main.c:716:6:HAL_TIM_PeriodElapsedCallback	16	static
../Core/Src/main.c:743:6:HAL_TIM_OC_DelayElapsedCallback	16	static
../Core/Src/main.c:757:6:Error_Handler	4	static,ignoring_inline_asm
