../Core/Src/main.c:56:6:map	24	static
../Core/Src/main.c:67:6:mapping	16	static
../Core/Src/main.c:83:6:servoReady	4	static
../Core/Src/main.c:89:6:servoBoom	4	static
../Core/Src/main.c:105:6:start	8	static
../Core/Src/main.c:149:1:__io_putchar	16	static
../Core/Src/main.c:166:5:main	8	static
../Core/Src/main.c:230:6:SystemClock_Config	88	static
../Core/Src/main.c:276:13:MX_ADC1_Init	24	static
../Core/Src/main.c:341:13:MX_I2C1_Init	8	static
../Core/Src/main.c:375:13:MX_TIM1_Init	96	static
../Core/Src/main.c:450:13:MX_TIM2_Init	64	static
../Core/Src/main.c:508:13:MX_TIM3_Init	64	static
../Core/Src/main.c:571:13:MX_USART2_UART_Init	8	static
../Core/Src/main.c:602:13:MX_DMA_Init	16	static
../Core/Src/main.c:620:13:MX_GPIO_Init	40	static
../Core/Src/main.c:671:6:HAL_GPIO_EXTI_Callback	16	static
../Core/Src/main.c:695:6:HAL_TIM_PeriodElapsedCallback	16	static
../Core/Src/main.c:723:6:HAL_TIM_OC_DelayElapsedCallback	16	static
../Core/Src/main.c:732:6:HAL_TIM_PWM_PulseFinishedCallback	16	static
../Core/Src/main.c:757:6:Error_Handler	4	static,ignoring_inline_asm
