../Core/Src/main.c:79:5:main	8	static
../Core/Src/main.c:132:6:SystemClock_Config	72	static
../Core/Src/main.c:171:13:MX_I2C1_Init	8	static
../Core/Src/main.c:205:13:MX_TIM2_Init	64	static
../Core/Src/main.c:263:13:MX_USART2_UART_Init	8	static
../Core/Src/main.c:296:13:MX_GPIO_Init	40	static
../Core/Src/main.c:347:6:HAL_GPIO_EXTI_Callback	16	static
../Core/Src/main.c:418:6:HAL_TIM_PeriodElapsedCallback	16	static
../Core/Src/main.c:444:6:HAL_TIM_OC_DelayElapsedCallback	16	static
../Core/Src/main.c:458:6:Error_Handler	4	static,ignoring_inline_asm
