../Core/Src/main.c:75:5:main	8	static
../Core/Src/main.c:126:6:SystemClock_Config	72	static
../Core/Src/main.c:165:13:MX_I2C1_Init	8	static
../Core/Src/main.c:199:13:MX_TIM2_Init	64	static
../Core/Src/main.c:257:13:MX_USART2_UART_Init	8	static
../Core/Src/main.c:290:13:MX_GPIO_Init	40	static
../Core/Src/main.c:341:6:HAL_GPIO_EXTI_Callback	16	static
../Core/Src/main.c:355:6:HAL_TIM_PeriodElapsedCallback	16	static
../Core/Src/main.c:382:6:HAL_TIM_OC_DelayElapsedCallback	16	static
../Core/Src/main.c:396:6:Error_Handler	4	static,ignoring_inline_asm
